

================================================================
== Vivado HLS Report for 'conv_4'
================================================================
* Date:           Mon May 13 18:06:52 2024

* Version:        2018.3 (Build 2405991 on Thu Dec 06 23:56:15 MST 2018)
* Project:        c_cnn
* Solution:       solution1
* Product family: zynq
* Target device:  xc7z020clg400-1


================================================================
== Performance Estimates
================================================================
+ Timing (ns): 
    * Summary: 
    +--------+-------+----------+------------+
    |  Clock | Target| Estimated| Uncertainty|
    +--------+-------+----------+------------+
    |ap_clk  |  50.00|    31.477|        6.25|
    +--------+-------+----------+------------+

+ Latency (clock cycles): 
    * Summary: 
    +-------+-------+-------+-------+---------+
    |    Latency    |    Interval   | Pipeline|
    |  min  |  max  |  min  |  max  |   Type  |
    +-------+-------+-------+-------+---------+
    |  10417|  10417|  10417|  10417|   none  |
    +-------+-------+-------+-------+---------+

    + Detail: 
        * Instance: 
        N/A

        * Loop: 
        +----------------------------------+-------+-------+----------+-----------+-----------+------+----------+
        |                                  |    Latency    | Iteration|  Initiation Interval  | Trip |          |
        |             Loop Name            |  min  |  max  |  Latency |  achieved |   target  | Count| Pipelined|
        +----------------------------------+-------+-------+----------+-----------+-----------+------+----------+
        |- loop_chout_loop_hout_loop_wout  |  10416|  10416|       124|          -|          -|    84|    no    |
        | + loop_chin_loop_ky_loop_kx      |    120|    120|         2|          1|          1|   120|    yes   |
        +----------------------------------+-------+-------+----------+-----------+-----------+------+----------+



================================================================
== Utilization Estimates
================================================================
* Summary: 
+-----------------+---------+-------+--------+-------+
|       Name      | BRAM_18K| DSP48E|   FF   |  LUT  |
+-----------------+---------+-------+--------+-------+
|DSP              |        -|      -|       -|      -|
|Expression       |        -|      -|       0|    279|
|FIFO             |        -|      -|       -|      -|
|Instance         |        -|      5|     305|    705|
|Memory           |       33|      -|       0|      0|
|Multiplexer      |        -|      -|       -|    171|
|Register         |        -|      -|     145|      -|
+-----------------+---------+-------+--------+-------+
|Total            |       33|      5|     450|   1155|
+-----------------+---------+-------+--------+-------+
|Available        |      280|    220|  106400|  53200|
+-----------------+---------+-------+--------+-------+
|Utilization (%)  |       11|      2|   ~0   |      2|
+-----------------+---------+-------+--------+-------+

+ Detail: 
    * Instance: 
    +--------------------------+----------------------+---------+-------+-----+-----+
    |         Instance         |        Module        | BRAM_18K| DSP48E|  FF | LUT |
    +--------------------------+----------------------+---------+-------+-----+-----+
    |top_net_fadd_32nsbkb_U29  |top_net_fadd_32nsbkb  |        0|      2|  177|  385|
    |top_net_fmul_32nscud_U30  |top_net_fmul_32nscud  |        0|      3|  128|  320|
    +--------------------------+----------------------+---------+-------+-----+-----+
    |Total                     |                      |        0|      5|  305|  705|
    +--------------------------+----------------------+---------+-------+-----+-----+

    * DSP48: 
    N/A

    * Memory: 
    +-------------+------------------+---------+---+----+-------+-----+------+-------------+
    |    Memory   |      Module      | BRAM_18K| FF| LUT| Words | Bits| Banks| W*Bits*Banks|
    +-------------+------------------+---------+---+----+-------+-----+------+-------------+
    |c4_bias_U    |conv_4_c4_bias    |        1|  0|   0|     84|   32|     1|         2688|
    |c4_weight_U  |conv_4_c4_weight  |       32|  0|   0|  10080|   32|     1|       322560|
    +-------------+------------------+---------+---+----+-------+-----+------+-------------+
    |Total        |                  |       33|  0|   0|  10164|   64|     2|       325248|
    +-------------+------------------+---------+---+----+-------+-----+------+-------------+

    * FIFO: 
    N/A

    * Expression: 
    +----------------------------------+----------+-------+---+----+------------+------------+
    |           Variable Name          | Operation| DSP48E| FF| LUT| Bitwidth P0| Bitwidth P1|
    +----------------------------------+----------+-------+---+----+------------+------------+
    |cin_s_fu_453_p2                   |     +    |      0|  0|  15|           7|           1|
    |cout_s_fu_301_p2                  |     +    |      0|  0|  15|           7|           1|
    |indvar_flatten23_op_fu_558_p2     |     +    |      0|  0|  10|           2|           1|
    |indvar_flatten_next7_fu_289_p2    |     +    |      0|  0|  15|           7|           1|
    |indvar_flatten_next8_fu_423_p2    |     +    |      0|  0|  15|           7|           1|
    |indvar_flatten_op_fu_535_p2       |     +    |      0|  0|  10|           2|           1|
    |tmp4_mid2_fu_471_p2               |     +    |      0|  0|  10|          15|          15|
    |tmp_35_fu_549_p2                  |     +    |      0|  0|  15|           7|           7|
    |tmp_38_fu_505_p2                  |     +    |      0|  0|  15|           7|           7|
    |tmp_40_fu_520_p2                  |     +    |      0|  0|  10|          15|          15|
    |tmp_32_fu_277_p2                  |     -    |      0|  0|  21|          15|          15|
    |tmp_32_mid1_fu_331_p2             |     -    |      0|  0|  21|          15|          15|
    |h_cast9_mid_fu_380_p2             |    and   |      0|  0|   2|           1|           1|
    |h_mid_fu_363_p2                   |    and   |      0|  0|   2|           1|           1|
    |w_mid_fu_369_p2                   |    and   |      0|  0|   2|           1|           1|
    |x_mid_fu_447_p2                   |    and   |      0|  0|   2|           1|           1|
    |y_mid_fu_441_p2                   |    and   |      0|  0|   2|           1|           1|
    |exitcond_flatten2_fu_429_p2       |   icmp   |      0|  0|   8|           2|           1|
    |exitcond_flatten7_fu_283_p2       |   icmp   |      0|  0|  11|           7|           7|
    |exitcond_flatten8_fu_417_p2       |   icmp   |      0|  0|  11|           7|           5|
    |exitcond_flatten_fu_295_p2        |   icmp   |      0|  0|   8|           2|           1|
    |h_1_fu_392_p2                     |    or    |      0|  0|   2|           1|           1|
    |y_1_fu_482_p2                     |    or    |      0|  0|   2|           1|           1|
    |c4_bias_load_mid2_v_fu_345_p3     |  select  |      0|  0|   7|           1|           7|
    |h_cast9_mid2_fu_397_p3            |  select  |      0|  0|   2|           1|           1|
    |h_mid2_fu_409_p3                  |  select  |      0|  0|   2|           1|           1|
    |indvar_flatten_next6_fu_564_p3    |  select  |      0|  0|   2|           1|           1|
    |indvar_flatten_next_fu_541_p3     |  select  |      0|  0|   2|           1|           1|
    |tmp1_cast_mid2_v_v_fu_488_p3      |  select  |      0|  0|   2|           1|           1|
    |tmp4_mid2_v_v_fu_459_p3           |  select  |      0|  0|   7|           1|           7|
    |tmp_32_mid2_fu_337_p3             |  select  |      0|  0|  15|           1|          15|
    |ap_enable_pp0                     |    xor   |      0|  0|   2|           1|           2|
    |ap_enable_reg_pp0_iter1           |    xor   |      0|  0|   2|           2|           1|
    |h_not_fu_386_p2                   |    xor   |      0|  0|   2|           1|           2|
    |not_exitcond_flatten_4_fu_358_p2  |    xor   |      0|  0|   2|           1|           2|
    |not_exitcond_flatten_5_fu_375_p2  |    xor   |      0|  0|   2|           1|           2|
    |not_exitcond_flatten_fu_435_p2    |    xor   |      0|  0|   2|           1|           2|
    |tmp1_cast_mid2_v_fu_496_p2        |    xor   |      0|  0|   2|           1|           1|
    |y_not_fu_476_p2                   |    xor   |      0|  0|   2|           1|           2|
    +----------------------------------+----------+-------+---+----+------------+------------+
    |Total                             |          |      0|  0| 279|         148|         149|
    +----------------------------------+----------+-------+---+----+------------+------------+

    * Multiplexer: 
    +------------------------------+----+-----------+-----+-----------+
    |             Name             | LUT| Input Size| Bits| Total Bits|
    +------------------------------+----+-----------+-----+-----------+
    |ap_NS_fsm                     |  33|          6|    1|          6|
    |ap_enable_reg_pp0_iter1       |  15|          3|    1|          3|
    |ap_phi_mux_cin_phi_fu_187_p4  |   9|          2|    7|         14|
    |ap_phi_mux_x_phi_fu_232_p4    |   9|          2|    1|          2|
    |ap_phi_mux_y_phi_fu_209_p4    |   9|          2|    1|          2|
    |cin_reg_183                   |   9|          2|    7|         14|
    |cout_reg_123                  |   9|          2|    7|         14|
    |grp_fu_240_p0                 |  15|          3|   32|         96|
    |h_reg_146                     |   9|          2|    1|          2|
    |indvar_flatten6_reg_112       |   9|          2|    7|         14|
    |indvar_flatten7_reg_134       |   9|          2|    2|          4|
    |indvar_flatten8_reg_172       |   9|          2|    7|         14|
    |indvar_flatten_reg_194        |   9|          2|    2|          4|
    |output_buffer_2_reg_216       |   9|          2|   32|         64|
    |y_reg_205                     |   9|          2|    1|          2|
    +------------------------------+----+-----------+-----+-----------+
    |Total                         | 171|         36|  109|        255|
    +------------------------------+----+-----------+-----+-----------+

    * Register: 
    +------------------------------+----+----+-----+-----------+
    |             Name             | FF | LUT| Bits| Const Bits|
    +------------------------------+----+----+-----+-----------+
    |ap_CS_fsm                     |   5|   0|    5|          0|
    |ap_enable_reg_pp0_iter0       |   1|   0|    1|          0|
    |ap_enable_reg_pp0_iter1       |   1|   0|    1|          0|
    |c4_bias_load_mid2_v_reg_592   |   7|   0|    7|          0|
    |c4_bias_load_reg_603          |  32|   0|   32|          0|
    |cin_reg_183                   |   7|   0|    7|          0|
    |cout_reg_123                  |   7|   0|    7|          0|
    |exitcond_flatten8_reg_619     |   1|   0|    1|          0|
    |exitcond_flatten_reg_579      |   1|   0|    1|          0|
    |h_cast9_mid2_cast_reg_608     |   1|   0|    7|          6|
    |h_mid2_reg_613                |   1|   0|    1|          0|
    |h_reg_146                     |   1|   0|    1|          0|
    |indvar_flatten6_reg_112       |   7|   0|    7|          0|
    |indvar_flatten7_reg_134       |   2|   0|    2|          0|
    |indvar_flatten8_reg_172       |   7|   0|    7|          0|
    |indvar_flatten_next7_reg_574  |   7|   0|    7|          0|
    |indvar_flatten_reg_194        |   2|   0|    2|          0|
    |output_buffer_2_reg_216       |  32|   0|   32|          0|
    |tmp1_cast_mid2_v_v_reg_633    |   1|   0|    1|          0|
    |tmp4_mid2_v_v_reg_628         |   7|   0|    7|          0|
    |tmp_32_mid2_reg_587           |  12|   0|   15|          3|
    |w_reg_158                     |   1|   0|    1|          0|
    |x_reg_228                     |   1|   0|    1|          0|
    |y_reg_205                     |   1|   0|    1|          0|
    +------------------------------+----+----+-----+-----------+
    |Total                         | 145|   0|  154|          9|
    +------------------------------+----+----+-----+-----------+



================================================================
== Interface
================================================================
* Summary: 
+-------------------+-----+-----+------------+--------------+--------------+
|     RTL Ports     | Dir | Bits|  Protocol  | Source Object|    C Type    |
+-------------------+-----+-----+------------+--------------+--------------+
|ap_clk             |  in |    1| ap_ctrl_hs |    conv.4    | return value |
|ap_rst             |  in |    1| ap_ctrl_hs |    conv.4    | return value |
|ap_start           |  in |    1| ap_ctrl_hs |    conv.4    | return value |
|ap_done            | out |    1| ap_ctrl_hs |    conv.4    | return value |
|ap_idle            | out |    1| ap_ctrl_hs |    conv.4    | return value |
|ap_ready           | out |    1| ap_ctrl_hs |    conv.4    | return value |
|in_r_address0      | out |    7|  ap_memory |     in_r     |     array    |
|in_r_ce0           | out |    1|  ap_memory |     in_r     |     array    |
|in_r_q0            |  in |   32|  ap_memory |     in_r     |     array    |
|output_r_address0  | out |    7|  ap_memory |   output_r   |     array    |
|output_r_ce0       | out |    1|  ap_memory |   output_r   |     array    |
|output_r_we0       | out |    1|  ap_memory |   output_r   |     array    |
|output_r_d0        | out |   32|  ap_memory |   output_r   |     array    |
+-------------------+-----+-----+------------+--------------+--------------+

